nohup: ignoring input
Analyzing 1086 game(s) at depth 18 using 3 threads...
  [1/1086] e031a33c-0bfe-11... ✓ 116.1s
  [2/1086] 03c88bee-0c00-11... ✓ 177.7s
  [3/1086] d946dd65-0c02-11... ✓ 93.2s
  [4/1086] 796a561b-0c49-11... ✓ 121.1s
  [5/1086] dd4e6ee5-0c4a-11... ✓ 221.6s
  [6/1086] 60c5c163-0c4d-11... ✓ 107.1s
  [7/1086] a40d0164-0c4e-11... ✓ 61.4s
  [8/1086] 4fe0bb2f-0c7f-11... ✓ 42.5s
  [9/1086] b9516066-0c7f-11... ✓ 211.5s
  [10/1086] 087964fa-0c81-11... ✓ 129.8s
  [11/1086] c7e1a3aa-0c81-11... ✓ 323.1s
  [12/1086] c72a00c9-0c8e-11... ✓ 265.1s
  [13/1086] f497aeb3-0c8f-11... ✓ 115.6s
  [14/1086] 93cf1d50-0c90-11... ✓ 161.7s
  [15/1086] 62176533-0c96-11... ✓ 20.0s
  [16/1086] c067122b-0c96-11... ✓ 171.7s
  [17/1086] dd39d862-0c98-11... ✓ 168.8s
  [18/1086] 56e92081-0cb3-11... ✓ 283.6s
  [19/1086] d0fc6e42-0cb5-11... ✓ 53.9s
  [20/1086] 4df5d6db-0cb6-11... ✓ 97.1s
  [21/1086] 603eaaa9-0cb7-11... ✓ 288.0s
  [22/1086] fe6cf03e-0cb8-11... ✓ 122.1s
  [23/1086] 81640c72-0cba-11... ✓ 58.9s
  [24/1086] 7bc64189-0cbb-11... ✓ 185.6s
  [25/1086] 75fed246-0d24-11... ✓ 441.2s
  [26/1086] 494d209e-0d2e-11... ✓ 4.3s
  [27/1086] 017f5cc9-0d2f-11... ✓ 247.3s
  [28/1086] b77245f7-0d31-11... ✓ 173.7s
  [29/1086] 06ddc6d7-0d34-11... ✓ 169.9s
  [30/1086] 3e053b1a-0d35-11... ✓ 101.8s
  [31/1086] b1158fdb-0d35-11... ✓ 108.8s
  [32/1086] 1583060d-0d38-11... ✓ 61.6s
  [33/1086] bb40cd7f-0d46-11... ✓ 235.6s
  [34/1086] 62bb0782-0d49-11... ✓ 181.1s
  [35/1086] 7ac57724-0d53-11... ✓ 201.7s
  [36/1086] 784a7a4a-0d55-11... ✓ 184.4s
  [37/1086] fc96efa3-0d5a-11... ✓ 221.1s
  [38/1086] d93cc4e4-0d5d-11... ✓ 56.5s
  [39/1086] 9048e6b9-0d7a-11... ✓ 239.3s
  [40/1086] ee2b8331-0e00-11... ✓ 10.6s
  [41/1086] 0ccb05a1-0e01-11... ✓ 32.3s
  [42/1086] c9398c4f-0e01-11... ✓ 214.0s
  [43/1086] 7796e339-0e03-11... ✓ 435.5s
  [44/1086] d87067f3-0e06-11... ✓ 286.8s
  [45/1086] 5c897a42-0e09-11... ✓ 41.7s
  [46/1086] d8e60625-0e09-11... ✓ 583.7s
  [47/1086] 1a8c232d-0e0c-11... ✓ 121.6s
  [48/1086] 2cb846a5-0e0d-11... ✓ 42.3s
  [49/1086] efdc0cd2-0eb4-11... ✓ 77.4s
  [50/1086] 611b5201-0ed7-11... ✓ 348.5s
  [51/1086] 394dc785-0eda-11... ✓ 9.7s
  [52/1086] f764f53b-0eda-11... ✓ 53.0s
  [53/1086] 6d590873-0edb-11... ✓ 229.5s
  [54/1086] 9e156c7a-0edc-11... ✓ 145.6s
  [55/1086] 08a83a54-0eee-11... ✓ 229.2s
  [56/1086] 85ba6514-0eef-11... ✓ 309.0s
  [57/1086] 88897913-0ef1-11... ✓ 202.7s
  [58/1086] b6f5e7e3-0ef4-11... ✓ 312.8s
  [59/1086] 1d222596-0ef7-11... ✓ 350.1s
  [60/1086] 482e9522-0ef9-11... ✓ 211.6s
  [61/1086] b1e50131-0efa-11... ✓ 210.2s
  [62/1086] e50a1162-0f29-11... ✓ 112.9s
  [63/1086] ee86bcde-0f2b-11... ✓ 9.4s
  [64/1086] 0bb7e246-0f2c-11... ✓ 166.1s
  [65/1086] ced3796f-0f2e-11... ✓ 293.0s
  [66/1086] 77a26682-0f89-11... ✓ 137.1s
  [67/1086] 4e6aa71d-10a6-11... ✓ 17.4s
  [68/1086] 854e7936-10a6-11... ✓ 1.5s
  [69/1086] a73b2a30-10a6-11... ✓ 12.4s
  [70/1086] fb4bdac8-10a6-11... ✓ 160.5s
  [71/1086] 443e6133-10ac-11... ✓ 197.9s
  [72/1086] f7606bf2-10ad-11... ✓ 124.1s
  [73/1086] 58b1ade9-10b0-11... ✓ 193.6s
  [74/1086] 07d485c1-10b7-11... ✓ 30.1s
  [75/1086] 4711f22b-10b7-11... ✓ 196.5s
  [76/1086] efa4be0c-10b8-11... ✓ 80.9s
  [77/1086] 09ae18fb-1112-11... ✓ 130.5s
  [78/1086] 743aa322-1114-11... ✓ 62.5s
  [79/1086] 8b1a63ef-1115-11... ✓ 118.6s
  [80/1086] 486e731c-1117-11... ✓ 145.2s
  [81/1086] c3d453e1-112b-11... ✓ 176.5s
  [82/1086] fe64a04d-112d-11... ✓ 192.6s
  [83/1086] 4825c870-1130-11... ✓ 178.8s
  [84/1086] 3cb47b5c-1157-11... ✓ 298.8s
  [85/1086] 2e47a1b0-1159-11... ✓ 41.7s
  [86/1086] 62bdf5e4-1159-11... ✓ 215.5s
  [87/1086] 6f4d464d-116b-11... ✓ 90.3s
  [88/1086] e63a432c-116c-11... ✓ 23.6s
  [89/1086] 46248daa-116d-11... ✓ 163.1s
  [90/1086] 001b9969-1170-11... ✓ 172.2s
  [91/1086] 280719d1-1172-11... ✓ 273.0s
  [92/1086] 9e1f7d06-121c-11... ✓ 306.4s
  [93/1086] b400cf8f-121f-11... ✓ 150.3s
  [94/1086] 54ac4575-1228-11... ✓ 204.9s
  [95/1086] 17d1b116-123f-11... ✓ 265.3s
  [96/1086] 56bc0511-1248-11... ✓ 98.1s
  [97/1086] 84e59150-12b5-11... ✓ 313.3s
  [98/1086] ae1eb8c6-1622-11... ✓ 250.9s
  [99/1086] eb534e7f-19cc-11... ✓ 187.8s
  [100/1086] 8f5bb9d7-19cf-11... ✓ 290.0s
  [101/1086] 920fa488-19d1-11... ✓ 220.4s
  [102/1086] bf705a4c-19d2-11... ✓ 346.4s
  [103/1086] c60e3455-19d5-11... ✓ 211.2s
  [104/1086] b3882913-19d7-11... ✓ 349.1s
  [105/1086] 616f5e11-1c4d-11... ✓ 132.2s
  [106/1086] 51f00fb3-1c5f-11... ✓ 222.2s
  [107/1086] 8e32a09c-1c61-11... ✓ 22.4s
  [108/1086] e75a1d06-1c61-11... ✓ 178.9s
  [109/1086] 9b857219-1cee-11... ✓ 271.0s
  [110/1086] 79412dbe-1cf2-11... ✓ 121.8s
  [111/1086] e6b87d0b-201e-11... ✓ 115.8s
  [112/1086] 75b01bec-2020-11... ✓ 61.6s
  [113/1086] 4d7ab8b0-2021-11... ✓ 237.0s
  [114/1086] f0829aca-2022-11... ✓ 148.7s
  [115/1086] 59a59f34-2024-11... ✓ 69.7s
  [116/1086] e5b29736-2024-11... ✓ 22.6s
  [117/1086] 162d53c6-2025-11... ✓ 112.8s
  [118/1086] 86d739b7-2026-11... ✓ 200.4s
  [119/1086] 0b2e3f11-2029-11... ✓ 163.0s
  [120/1086] e9a3ca75-202b-11... ✓ 166.0s
  [121/1086] ce24e21f-202e-11... ✓ 170.4s
  [122/1086] e164ca70-2030-11... ✓ 34.9s
  [123/1086] f96c106b-2030-11... ✓ 37.3s
  [124/1086] 960c802b-2031-11... ✓ 235.0s
  [125/1086] 45404ef1-2065-11... ✓ 131.8s
  [126/1086] b1ff662e-2066-11... ✓ 258.8s
  [127/1086] 291d8fe9-2069-11... ✓ 26.3s
  [128/1086] 69ef5791-2069-11... ✓ 100.2s
  [129/1086] 71cc2b1a-206a-11... ✓ 22.8s
  [130/1086] 953f7c77-206a-11... ✓ 106.6s
  [131/1086] da7a03c0-217d-11... ✓ 160.7s
  [132/1086] 66dc26f4-21d0-11... ✓ 234.8s
  [133/1086] cb9cc6b6-21d2-11... ✓ 380.4s
  [134/1086] 148097f1-2297-11... ✓ 191.4s
  [135/1086] 877a8986-2298-11... ✓ 120.8s
  [136/1086] 7be7402f-229b-11... ✓ 146.1s
  [137/1086] a4450057-229c-11... ✓ 46.0s
  [138/1086] c19d0a47-22c8-11... ✓ 304.1s
  [139/1086] 99d03793-22ca-11... ✓ 115.7s
  [140/1086] 56c8aed1-22cb-11... ✓ 39.0s
  [141/1086] c4554507-22cb-11... ✓ 151.2s
  [142/1086] 328c07da-22cd-11... ✓ 132.6s
  [143/1086] 008fe6ad-22ce-11... ✓ 30.3s
  [144/1086] 2bd8ae0e-22ce-11... ✓ 450.4s
  [145/1086] 07168e3b-22d1-11... ✓ 240.0s
  [146/1086] fb48c997-22d2-11... ✓ 166.6s
  [147/1086] ce49dba2-22d4-11... ✓ 103.6s
  [148/1086] 90512f45-22d5-11... ✓ 263.9s
  [149/1086] 99c8aeea-234a-11... ✓ 46.1s
  [150/1086] 1451b36b-234b-11... ✓ 69.9s
  [151/1086] 69476d2b-234b-11... ✓ 99.1s
  [152/1086] df7f4a63-234c-11... ✓ 217.1s
  [153/1086] b2c1d265-234e-11... ✓ 242.3s
  [154/1086] 8f2aec1d-2351-11... ✓ 246.6s
  [155/1086] bacfcba7-2353-11... ✓ 210.5s
  [156/1086] d7db0eab-2416-11... ✓ 259.1s
  [157/1086] e76b0e61-2418-11... ✓ 187.4s
  [158/1086] 329d4876-241a-11... ✓ 185.3s
  [159/1086] ecd9b6a0-241b-11... ✓ 67.1s
  [160/1086] 77536430-241c-11... ✓ 308.5s
  [161/1086] 924c7858-245f-11... ✓ 35.8s
  [162/1086] f744668c-245f-11... ✓ 107.7s
  [163/1086] 9cdda0de-2461-11... ✓ 161.5s
  [164/1086] e2a00fbf-251a-11... ✓ 292.8s
  [165/1086] 21646556-2524-11... ✓ 260.1s
  [166/1086] 2d7a37cc-269c-11... ✓ 384.0s
  [167/1086] 72252367-2752-11... ✓ 220.3s
  [168/1086] 7bec6234-2753-11... ✓ 470.2s
  [169/1086] f391827a-28ea-11... ✓ 170.9s
  [170/1086] 398384b7-28ee-11... ✓ 398.0s
  [171/1086] db0bd37a-29ca-11... ✓ 218.8s
  [172/1086] ca86fa54-29cd-11... ✓ 226.1s
  [173/1086] 794b9112-2a8e-11... ✓ 275.8s
  [174/1086] 3c260065-2a91-11... ✓ 533.1s
  [175/1086] 048a9719-2a94-11... ✓ 334.3s
  [176/1086] baacd322-2b23-11... ✓ 52.2s
  [177/1086] 2440b6eb-2b24-11... ✓ 152.2s
  [178/1086] f612a226-2b26-11... ✓ 95.8s
  [179/1086] 2054172d-2b28-11... ✓ 74.5s
  [180/1086] 02a9addd-2b29-11... ✓ 73.1s
  [181/1086] c6adc031-2b47-11... ✓ 75.5s
  [182/1086] c1da706d-2b48-11... ✓ 91.3s
  [183/1086] 4f7a6e7e-2b4a-11... ✓ 139.2s
  [184/1086] 15e75e51-2b4e-11... ✓ 95.0s
  [185/1086] e0726cae-2b52-11... ✓ 336.3s
  [186/1086] e9a06782-2b55-11... ✓ 35.9s
  [187/1086] 430d98e6-2bed-11... ✓ 187.7s
  [188/1086] da38b864-2ccd-11... ✓ 111.6s
  [189/1086] fb9ae765-2cce-11... ✓ 115.2s
  [190/1086] dd6cceeb-2ccf-11... ✓ 140.7s
  [191/1086] 6d810b87-2cd2-11... ✓ 517.7s
  [192/1086] 0623d58e-2cd5-11... ✓ 172.1s
  [193/1086] f67fd187-2cd5-11... ✓ 335.8s
  [194/1086] 9de00a47-33fd-11... ✓ 209.4s
  [195/1086] 3f64ffba-3400-11... ✓ 88.1s
  [196/1086] c88907a7-3400-11... ✓ 85.7s
  [197/1086] 05533461-3402-11... ✓ 189.7s
  [198/1086] e98912d8-3404-11... ✓ 155.0s
  [199/1086] bca4ffd0-3406-11... ✓ 40.5s
  [200/1086] 437812fc-3407-11... ✓ 58.1s
  [201/1086] 6429413d-3408-11... ✓ 163.0s
  [202/1086] 725c08b9-3a2f-11... ✓ 263.9s
  [203/1086] 9cd008f7-3a31-11... ✓ 59.6s
  [204/1086] 4529b927-3a32-11... ✓ 124.0s
  [205/1086] 12e3ab2e-3a35-11... ✓ 116.4s
  [206/1086] 561e6769-3a36-11... ✓ 86.9s
  [207/1086] 51febae6-3a38-11... ✓ 119.3s
  [208/1086] 6259c8af-3a39-11... ✓ 129.0s
  [209/1086] c8a82933-3a3a-11... ✓ 117.8s
  [210/1086] 50940a0e-3a3c-11... ✓ 46.8s
  [211/1086] d399263d-3a3c-11... ✓ 162.0s
  [212/1086] e6372046-3b8a-11... ✓ 164.3s
  [213/1086] a2ada037-3b8c-11... ✓ 212.5s
  [214/1086] 5dfbfe9b-3b8f-11... ✓ 320.4s
  [215/1086] e20af4a4-3c49-11... ✓ 225.3s
  [216/1086] b84e2464-3d57-11... ✓ 201.3s
  [217/1086] b46fee6f-3d59-11... ✓ 194.9s
  [218/1086] 99f10670-3d5b-11... ✓ 171.1s
  [219/1086] 95b5d01b-3d5f-11... ✓ 126.1s
  [220/1086] ffab5781-3f73-11... ✓ 122.0s
  [221/1086] b16e7a58-4a18-11... ✓ 218.7s
  [222/1086] dff10f6e-4e66-11... ✓ 201.2s
  [223/1086] 8c3daecc-4e68-11... ✓ 107.0s
  [224/1086] f811a309-4e69-11... ✓ 261.4s
  [225/1086] d0ddb5cd-4e6b-11... ✓ 18.5s
  [226/1086] ef6e4379-4e6b-11... ✓ 467.7s
  [227/1086] e30d0fdc-535d-11... ✓ 174.5s
  [228/1086] bb8fd284-62f0-11... ✓ 183.2s
  [229/1086] cd9ee2a0-6d08-11... ✓ 287.2s
  [230/1086] 79187a9b-6f56-11... ✓ 282.5s
  [231/1086] 8338fbbf-6f92-11... ✓ 344.1s
  [232/1086] 79c36b97-6ff6-11... ✓ 114.7s
  [233/1086] 088a2f25-706a-11... ✓ 61.1s
  [234/1086] b2af76c4-706a-11... ✓ 74.9s
  [235/1086] 7a981226-706b-11... ✓ 128.4s
  [236/1086] d5ef4230-70e9-11... ✓ 160.7s
  [237/1086] b141bc0a-70ec-11... ✓ 199.9s
  [238/1086] 85a6d7c2-70fe-11... ✓ 3.7s
  [239/1086] 982d6d41-70fe-11... ✓ 79.4s
  [240/1086] 1825a13f-7100-11... ✓ 174.2s
  [241/1086] 5b7157b5-7102-11... ✓ 175.3s
  [242/1086] c8b8a9b2-72e3-11... ✓ 281.2s
  [243/1086] bd84d43d-72e8-11... ✓ 278.0s
  [244/1086] 555d3e95-72ea-11... ✓ 91.2s
  [245/1086] 26559d42-7933-11... ✓ 242.2s
  [246/1086] 6712ce70-7937-11... ✓ 168.7s
  [247/1086] 4b8e952a-7aca-11... ✓ 200.4s
  [248/1086] 83470df0-7ad0-11... ✓ 133.3s
  [249/1086] 45f64f76-7b8c-11... ✓ 91.2s
  [250/1086] 639ae55f-7b8e-11... ✓ 87.5s
  [251/1086] 4861dd96-7cff-11... ✓ 197.3s
  [252/1086] 7df285c6-7d00-11... ✓ 249.6s
  [253/1086] edff1aca-7d01-11... ✓ 216.4s
  [254/1086] e9b7ed62-7d21-11... ✓ 199.7s
  [255/1086] 57ef097b-7d24-11... ✓ 178.0s
  [256/1086] 531fe530-7d8a-11... ✓ 374.0s
  [257/1086] 3a652e56-7dc9-11... ✓ 142.0s
  [258/1086] 6da717e2-7de2-11... ✓ 105.6s
  [259/1086] 3934f782-7de4-11... ✓ 210.9s
  [260/1086] 3c53593f-7de5-11... ✓ 171.2s
  [261/1086] e99c1b09-7e4f-11... ✓ 201.5s
  [262/1086] 3ed77de4-7e52-11... ✓ 137.0s
  [263/1086] 596addb0-7eb8-11... ✓ 135.8s
  [264/1086] 1f4cf4a5-8363-11... ✓ 132.0s
  [265/1086] 4ff0c73d-8364-11... ✓ 104.6s
  [266/1086] 46eb210a-85a3-11... ✓ 213.7s
  [267/1086] 1c3e6064-8ad1-11... ✓ 166.8s
  [268/1086] f071149e-8ad2-11... ✓ 165.0s
  [269/1086] f9321259-8ad4-11... ✓ 210.0s
  [270/1086] f55ebc72-8e01-11... ✓ 359.6s
  [271/1086] 229e96e3-8f31-11... ✓ 157.2s
  [272/1086] 9b12a0dc-8f35-11... ✓ 213.4s
  [273/1086] ec63b5fd-8f82-11... ✓ 280.6s
  [274/1086] f178c227-8f84-11... ✓ 118.5s
  [275/1086] 03388fd2-8f86-11... ✓ 134.0s
  [276/1086] 4cf68340-8f88-11... ✓ 124.8s
  [277/1086] 4458970d-8f89-11... ✓ 118.0s
  [278/1086] 61b73292-8fc4-11... ✓ 161.8s
  [279/1086] e43e8351-90be-11... ✓ 337.9s
  [280/1086] 49fc8424-90c3-11... ✓ 243.1s
  [281/1086] 61bdeae9-90c7-11... ✓ 69.2s
  [282/1086] 8f8fbaee-91ed-11... ✓ 67.5s
  [283/1086] f5cb56c2-91ee-11... ✓ 128.6s
  [284/1086] d3e5ae3c-91f2-11... ✓ 89.8s
  [285/1086] 486809a3-920d-11... ✓ 168.5s
  [286/1086] 03d59e1a-9212-11... ✓ 231.2s
  [287/1086] 6d52b479-9214-11... ✓ 136.1s
  [288/1086] 46c0f33e-9219-11... ✓ 166.0s
  [289/1086] f10a96aa-921a-11... ✓ 227.7s
  [290/1086] f08f6ba6-921d-11... ✓ 46.6s
  [291/1086] c3232b79-9246-11... ✓ 179.6s
  [292/1086] 20d43288-9248-11... ✓ 107.6s
  [293/1086] cb085253-9249-11... ✓ 291.7s
  [294/1086] 4d449081-92ef-11... ✓ 194.7s
  [295/1086] 98cf2258-92f0-11... ✓ 281.7s
  [296/1086] 4739e5b2-9308-11... ✓ 143.1s
  [297/1086] 87439086-930a-11... ✓ 243.0s
  [298/1086] f062a87f-930c-11... ✓ 407.6s
  [299/1086] acb16258-931e-11... ✓ 115.7s
  [300/1086] dee794de-931f-11... ✓ 374.8s
  [301/1086] ea232e94-9321-11... ✓ 321.7s
  [302/1086] ac890b05-9324-11... ✓ 296.4s
  [303/1086] 11f8519b-93a7-11... ✓ 155.1s
  [304/1086] 0df5af5c-93e9-11... ✓ 117.3s
  [305/1086] fdfcde7b-93ea-11... ✓ 319.2s
  [306/1086] 4810cf7f-93ef-11... ✓ 144.4s
  [307/1086] 03b0422b-93f7-11... ✓ 129.7s
  [308/1086] 0f97eca2-9557-11... ✓ 141.3s
  [309/1086] 34a55d3a-978c-11... ✓ 11.5s
  [310/1086] 56858a98-978c-11... ✓ 298.9s
  [311/1086] 53f30b4a-97d4-11... ✓ 192.6s
  [312/1086] 545ee5b9-97d7-11... ✓ 162.4s
  [313/1086] 3cf3cccc-97d9-11... ✓ 99.0s
  [314/1086] 9a734a36-9967-11... ✓ 118.6s
  [315/1086] e801444f-9a20-11... ✓ 234.3s
  [316/1086] 9c8923d3-9a26-11... ✓ 264.3s
  [317/1086] 032af3eb-9d46-11... ✓ 140.8s
  [318/1086] e02f6d95-9d49-11... ✓ 25.8s
  [319/1086] 2c5942be-9d4a-11... ✓ 102.0s
  [320/1086] 9a50649e-9d4b-11... ✓ 242.2s
  [321/1086] 4ddb794b-a38c-11... ✓ 229.0s
  [322/1086] 844291fa-a392-11... ✓ 204.2s
  [323/1086] e5dc6a7a-a43d-11... ✓ 97.9s
  [324/1086] c3f2dc37-a43f-11... ✓ 301.9s
  [325/1086] a25ac7e0-a441-11... ✓ 161.5s
  [326/1086] cc7b6686-a445-11... ✓ 220.1s
  [327/1086] 725648c7-a448-11... ✓ 181.9s
  [328/1086] fefe2243-a501-11... ✓ 161.0s
  [329/1086] c46ced5b-a503-11... ✓ 121.7s
  [330/1086] 57514f80-a508-11... ✓ 276.2s
  [331/1086] a49ae598-a50b-11... ✓ 180.5s
  [332/1086] 10570c3f-a50d-11... ✓ 16.4s
  [333/1086] 3d990c03-a50d-11... ✓ 97.1s
  [334/1086] 1e3bb0fb-a8fe-11... ✓ 187.2s
  [335/1086] 36efa06a-a900-11... ✓ 64.4s
  [336/1086] 5b0815e1-a901-11... ✓ 182.2s
  [337/1086] 5b0ab8b8-a902-11... ✓ 167.5s
  [338/1086] 760c5e1f-a903-11... ✓ 110.1s
  [339/1086] 3e4d52a4-a904-11... ✓ 217.3s
  [340/1086] 1b37d95a-a91e-11... ✓ 88.8s
  [341/1086] b367da33-a91f-11... ✓ 103.8s
  [342/1086] af1cd7e0-a921-11... ✓ 109.4s
  [343/1086] a21e4cea-aab1-11... ✓ 205.1s
  [344/1086] fb7bf0db-ac35-11... ✓ 312.1s
  [345/1086] dd8d7d9f-ac3a-11... ✓ 61.4s
  [346/1086] bd67b453-ac3b-11... ✓ 113.6s
  [347/1086] 4c27dbec-ac9f-11... ✓ 187.6s
  [348/1086] ec6fbd07-ae73-11... ✓ 165.9s
  [349/1086] ecae7f00-ae74-11... ✓ 166.2s
  [350/1086] da16409f-ae75-11... ✓ 106.8s
  [351/1086] e8f42376-ae76-11... ✓ 142.7s
  [352/1086] 936f4440-b010-11... ✓ 33.1s
  [353/1086] e7bb9ec4-b010-11... ✓ 48.4s
  [354/1086] 987ad042-b011-11... ✓ 88.7s
  [355/1086] 2333cfac-b012-11... ✓ 167.8s
  [356/1086] 7701e76a-b014-11... ✓ 341.1s
  [357/1086] 4533f849-b02e-11... ✓ 121.2s
  [358/1086] 9caf7d70-b02f-11... ✓ 67.0s
  [359/1086] 4e1a7f3a-b030-11... ✓ 175.1s
  [360/1086] a9e4a77a-b032-11... ✓ 191.7s
  [361/1086] bba2a5df-b09b-11... ✓ 147.4s
  [362/1086] 40466074-b09d-11... ✓ 423.9s
  [363/1086] 6392c491-b0a4-11... ✓ 111.9s
  [364/1086] 09061d7c-b0a5-11... ✓ 182.0s
  [365/1086] c2f09b24-b0a6-11... ✓ 307.3s
  [366/1086] 47644162-b0af-11... ✓ 45.8s
  [367/1086] 9f7eba93-b0af-11... ✓ 206.6s
  [368/1086] c43a755e-b0b0-11... ✓ 304.5s
  [369/1086] a4b51fa4-b0b3-11... ✓ 47.9s
  [370/1086] d6c71d8a-b0b3-11... ✓ 134.4s
  [371/1086] 720a74fa-b0bc-11... ✓ 257.7s
  [372/1086] dbd3a4c8-b0bd-11... ✓ 16.6s
  [373/1086] 81a54a59-b0be-11... ✓ 120.7s
  [374/1086] 97357951-b0c2-11... ✓ 211.7s
  [375/1086] 64264d74-b0d0-11... ✓ 13.6s
  [376/1086] 979bfa48-b0d0-11... ✓ 207.3s
  [377/1086] 8bd349bc-b0d3-11... ✓ 212.6s
  [378/1086] 2c6f8297-b0d5-11... ✓ 267.2s
  [379/1086] 8bbb582d-b0d7-11... ✓ 290.6s
  [380/1086] a44ee420-b0d8-11... ✓ 59.9s
  [381/1086] 6d0575db-b0dc-11... ✓ 57.1s
  [382/1086] bded6ed6-b0dc-11... ✓ 378.6s
  [383/1086] 486f3477-b0ec-11... ✓ 214.5s
  [384/1086] ac01d478-b0f1-11... ✓ 162.3s
  [385/1086] 45badbe6-b0f2-11... ✓ 199.1s
  [386/1086] 7044df95-b0f5-11... ✓ 99.0s
  [387/1086] ee4257ec-b199-11... ✓ 78.6s
  [388/1086] 756cb30a-b19a-11... ✓ 43.8s
  [389/1086] 175fe639-b19b-11... ✓ 222.2s
  [390/1086] 2352f368-b19e-11... ✓ 81.7s
  [391/1086] bd610322-b19f-11... ✓ 325.2s
  [392/1086] dd9cebeb-b1ce-11... ✓ 114.6s
  [393/1086] 91a67701-b222-11... ✓ 101.7s
  [394/1086] 3f886732-b225-11... ✓ 101.6s
  [395/1086] 9ff4217d-b226-11... ✓ 172.2s
  [396/1086] 4be0857f-b238-11... ✓ 89.2s
  [397/1086] a960a656-b23b-11... ✓ 86.5s
  [398/1086] 482bc874-b23d-11... ✓ 52.7s
  [399/1086] cfb02a13-b23d-11... ✓ 132.8s
  [400/1086] ac48fbdc-b23f-11... ✓ 149.7s
  [401/1086] 85113358-b240-11... ✓ 129.0s
  [402/1086] 466ae13e-b241-11... ✓ 69.1s
  [403/1086] 7c8869a5-b24e-11... ✓ 266.1s
  [404/1086] 6572cf4a-b251-11... ✓ 225.2s
  [405/1086] 0fbe0df6-b285-11... ✓ 138.7s
  [406/1086] 489a8884-b28a-11... ✓ 136.6s
  [407/1086] aca3f27a-b2f1-11... ✓ 287.6s
  [408/1086] 6d883283-b350-11... ✓ 106.0s
  [409/1086] 51aaa4ef-b352-11... ✓ 130.9s
  [410/1086] bae7cf7e-b3a2-11... ✓ 99.5s
  [411/1086] 5b09020c-b3a3-11... ✓ 156.6s
  [412/1086] 2a3bd863-b3cb-11... ✓ 185.6s
  [413/1086] 34c7da28-b3e4-11... ✓ 275.0s
  [414/1086] d1d6cad0-b420-11... ✓ 179.0s
  [415/1086] ed2892b5-b473-11... ✓ 97.1s
  [416/1086] 38153ed9-b4c7-11... ✓ 86.5s
  [417/1086] 9530e392-b4c8-11... ✓ 222.9s
  [418/1086] 9c3cbccf-b4d2-11... ✓ 217.5s
  [419/1086] 0c0da7a4-b4d4-11... ✓ 91.0s
  [420/1086] 028a64d8-b4d5-11... ✓ 84.7s
  [421/1086] 30463e1d-b4d7-11... ✓ 176.9s
  [422/1086] 9ef400ac-bada-11... ✓ 156.8s
  [423/1086] aa4e9f1e-badd-11... ✓ 171.3s
  [424/1086] 3d735553-c7c7-11... ✓ 106.1s
  [425/1086] 836f5f4d-c7c9-11... ✓ 151.7s
  [426/1086] 7b3279cb-c84b-11... ✓ 118.2s
  [427/1086] 2e0e85ac-c84e-11... ✓ 309.2s
  [428/1086] 0641a43c-c925-11... ✓ 158.4s
  [429/1086] f9d0c47e-c94f-11... ✓ 238.7s
  [430/1086] 59f430fd-ca72-11... ✓ 203.7s
  [431/1086] bd99c680-caa8-11... ✓ 208.6s
  [432/1086] 9811da78-caaa-11... ✓ 169.7s
  [433/1086] 1a156f56-caac-11... ✓ 48.6s
  [434/1086] a2e5b1fe-caac-11... ✓ 145.3s
  [435/1086] 52b8c3aa-caaf-11... ✓ 145.7s
  [436/1086] fbbeb8c5-cba3-11... ✓ 299.6s
  [437/1086] 8297e94c-cba8-11... ✓ 176.3s
  [438/1086] d61a2abd-cbaa-11... ✓ 38.5s
  [439/1086] 529364f8-cc0b-11... ✓ 169.4s
  [440/1086] 78f70d8a-cc0d-11... ✓ 53.5s
  [441/1086] 91935b06-cccc-11... ✓ 184.8s
  [442/1086] 8d60b06f-ccd0-11... ✓ 197.8s
  [443/1086] c27f495a-cce9-11... ✓ 159.7s
  [444/1086] e47287a4-cd0a-11... ✓ 151.9s
  [445/1086] f992dd7a-cd88-11... ✓ 402.2s
  [446/1086] 6dca0c42-cdd8-11... ✓ 77.9s
  [447/1086] 9446c20d-ce51-11... ✓ 176.2s
  [448/1086] b61bc575-ce54-11... ✓ 151.1s
  [449/1086] bfac794f-ce57-11... ✓ 103.6s
  [450/1086] f17074cd-ce95-11... ✓ 171.4s
  [451/1086] cc13df17-ce97-11... ✓ 144.5s
  [452/1086] 53c92e4f-ce9e-11... ✓ 57.7s
  [453/1086] 45d34e87-ce9f-11... ✓ 160.5s
  [454/1086] 8293c0d8-ced1-11... ✓ 364.4s
  [455/1086] fc099616-ced3-11... ✓ 227.0s
  [456/1086] 135da07c-cf23-11... ✓ 93.3s
  [457/1086] 949367fb-cf25-11... ✓ 297.0s
  [458/1086] ad2422f9-cf28-11... ✓ 96.0s
  [459/1086] 07d92993-cffd-11... ✓ 112.7s
  [460/1086] 1cdc3b2e-d0c2-11... ✓ 129.7s
  [461/1086] 9bc2ffca-d0c3-11... ✓ 126.6s
  [462/1086] 04a7268b-d311-11... ✓ 246.3s
  [463/1086] 39b438d1-d4ea-11... ✓ 128.1s
  [464/1086] e2778a65-d4eb-11... ✓ 122.2s
  [465/1086] c771d21f-d574-11... ✓ 86.0s
  [466/1086] f04cd933-d575-11... ✓ 335.6s
  [467/1086] 90ebabe2-d5ab-11... ✓ 175.1s
  [468/1086] 40df6462-d7d5-11... ✓ 139.0s
  [469/1086] 7f7fd9f3-da31-11... ✓ 102.7s
  [470/1086] 6e198d7e-db35-11... ✓ 149.2s
  [471/1086] d5ae0abd-dbf7-11... ✓ 143.7s
  [472/1086] 0d7a0cc5-dd40-11... ✓ 53.2s
  [473/1086] 000c4a00-dd41-11... ✓ 38.1s
  [474/1086] 11fded69-de3c-11... ✓ 233.3s
  [475/1086] ea506388-f824-11... ✓ 129.7s
  [476/1086] f514aadb-f826-11... ✓ 122.7s
  [477/1086] e7a4595d-fc21-11... ✓ 252.4s
  [478/1086] 79481a3f-fc25-11... ✓ 169.1s
  [479/1086] 86a227c1-fc27-11... ✓ 121.3s
  [480/1086] de6ecbbc-fdab-11... ✓ 285.5s
  [481/1086] b3a4ca18-fdae-11... ✓ 104.2s
  [482/1086] 09688cc9-fdb0-11... ✓ 354.4s
  [483/1086] 39f45050-ff49-11... ✓ 129.1s
  [484/1086] b6aabfb3-0169-11... ✓ 51.2s
  [485/1086] 741c0fdd-016a-11... ✓ 162.7s
  [486/1086] 696ff418-04e1-11... ✓ 120.9s
  [487/1086] 540cb484-0594-11... ✓ 161.5s
  [488/1086] 251686e8-1718-11... ✓ 128.1s
  [489/1086] ecacbf6f-1af0-11... ✓ 26.7s
  [490/1086] ac28fb82-1af1-11... ✓ 272.5s
  [491/1086] 619d97a5-1ee3-11... ✓ 96.3s
  [492/1086] 9dcbb5b4-1ee5-11... ✓ 295.7s
  [493/1086] 6af98eff-1f99-11... ✓ 150.7s
  [494/1086] 3d16a282-1f9e-11... ✓ 123.2s
  [495/1086] e99bddae-2063-11... ✓ 244.4s
  [496/1086] 268809ef-2068-11... ✓ 132.4s
  [497/1086] a80aaf65-2069-11... ✓ 226.9s
  [498/1086] 1f3d7cc6-206d-11... ✓ 143.0s
  [499/1086] a7004355-2138-11... ✓ 222.2s
  [500/1086] f68e8564-22d0-11... ✓ 126.1s
  [501/1086] 5f1ee776-22d2-11... ✓ 159.6s
  [502/1086] 84ec4735-2455-11... ✓ 184.4s
  [503/1086] 12a19ad2-245a-11... ✓ 163.4s
  [504/1086] 60e0d0f3-245c-11... ✓ 423.9s
  [505/1086] fe4f8e78-25ce-11... ✓ 26.2s
  [506/1086] 33e5830e-25cf-11... ✓ 47.7s
  [507/1086] 85055594-25cf-11... ✓ 133.4s
  [508/1086] 4c8cdb8f-25e9-11... ✓ 94.6s
  [509/1086] 43f7065e-25ea-11... ✓ 149.4s
  [510/1086] 41656959-25eb-11... ✓ 248.0s
  [511/1086] 422c0826-2dc2-11... ✓ 207.2s
  [512/1086] 9464a866-2dc3-11... ✓ 155.0s
  [513/1086] 13221308-2dc5-11... ✓ 155.1s
  [514/1086] 50a4934d-2dc6-11... ✓ 146.1s
  [515/1086] 0ec58b9b-2e3e-11... ✓ 114.4s
  [516/1086] 04365655-2e3f-11... ✓ 157.6s
  [517/1086] 369f5578-317c-11... ✓ 100.9s
  [518/1086] 2a396f51-317e-11... ✓ 108.6s
  [519/1086] 3ad35a4b-317f-11... ✓ 248.4s
  [520/1086] e8309f32-3493-11... ✓ 54.8s
  [521/1086] 453f8f1e-3494-11... ✓ 135.3s
  [522/1086] b89519cd-4326-11... ✓ 74.2s
  [523/1086] 9aa8ff8c-4389-11... ✓ 194.0s
  [524/1086] 7f8692db-4562-11... ✓ 247.0s
  [525/1086] 2aaa0c34-4830-11... ✓ 166.8s
  [526/1086] b26bb36a-4832-11... ✓ 178.6s
  [527/1086] 518f6c33-4914-11... ✓ 227.8s
  [528/1086] 239f124f-493e-11... ✓ 158.3s
  [529/1086] d0c87c83-493f-11... ✓ 81.8s
  [530/1086] ba122a6b-4940-11... ✓ 166.4s
  [531/1086] cba12f72-4942-11... ✓ 65.8s
  [532/1086] 081b35e5-4943-11... ✓ 147.6s
  [533/1086] fd14387d-4943-11... ✓ 186.1s
  [534/1086] 869575ae-4a9f-11... ✓ 131.3s
  [535/1086] 3c486509-4aa1-11... ✓ 186.0s
  [536/1086] bc83038b-4aa3-11... ✓ 84.7s
  [537/1086] ec1820dd-4aab-11... ✓ 155.1s
  [538/1086] bdb12c58-4aaf-11... ✓ 62.8s
  [539/1086] 4db0774c-4ab1-11... ✓ 239.0s
  [540/1086] 3e5466b7-4ab4-11... ✓ 133.4s
  [541/1086] ea5aaddb-4ab5-11... ✓ 37.8s
  [542/1086] 37ad017d-4aba-11... ✓ 193.2s
  [543/1086] 22cca72b-4abb-11... ✓ 232.2s
  [544/1086] 6d31ce80-4ad6-11... ✓ 131.1s
  [545/1086] 4680576a-4ad8-11... ✓ 229.6s
  [546/1086] 51a12ef9-4b99-11... ✓ 110.9s
  [547/1086] f0955334-4b99-11... ✓ 82.9s
  [548/1086] 60f83aae-4b9a-11... ✓ 175.1s
  [549/1086] 32b45183-4bb3-11... ✓ 135.5s
  [550/1086] fd530ba5-4bb3-11... ✓ 186.3s
  [551/1086] 848b3913-4f4f-11... ✓ 187.7s
  [552/1086] 5d5aa08c-500d-11... ✓ 267.1s
  [553/1086] 27db04f0-5193-11... ✓ 341.4s
  [554/1086] e2389b0e-51ba-11... ✓ 307.7s
  [555/1086] a9857511-51bc-11... ✓ 80.3s
  [556/1086] 471610e2-51bd-11... ✓ 200.4s
  [557/1086] 8476f7a8-5501-11... ✓ 204.0s
  [558/1086] 3a1c3e8d-5820-11... ✓ 9.7s
  [559/1086] 6259582b-5821-11... ✓ 243.5s
  [560/1086] 3b9d2749-5822-11... ✓ 146.6s
  [561/1086] b2cd5bda-5b1b-11... ✓ 174.2s
  [562/1086] 00d6a98b-5b1d-11... ✓ 114.9s
  [563/1086] d51e6f1e-6f79-11... ✓ 170.9s
  [564/1086] 95fc647f-7085-11... ✓ 135.3s
  [565/1086] fe1c8f9f-750a-11... ✓ 190.6s
  [566/1086] a013e08b-750b-11... ✓ 193.0s
  [567/1086] 1b7113ba-750e-11... ✓ 79.3s
  [568/1086] 78d32d00-750e-11... ✓ 37.9s
  [569/1086] 985546a8-750e-11... ✓ 100.5s
  [570/1086] 5d54fc8a-7510-11... ✓ 28.9s
  [571/1086] 7e9d310c-7510-11... ✓ 201.3s
  [572/1086] 5534520c-760c-11... ✓ 87.1s
  [573/1086] bda0e3fb-945d-11... ✓ 254.1s
  [574/1086] 8fe05866-94a2-11... ✓ 80.0s
  [575/1086] df4a7dbc-a2d4-11... ✓ 218.0s
  [576/1086] daabfe3e-a4a0-11... ✓ 81.5s
  [577/1086] d9aace60-ad3e-11... ✓ 192.6s
  [578/1086] 1ac09202-ad41-11... ✓ 148.9s
  [579/1086] 900375e7-ad44-11... ✓ 221.5s
  [580/1086] 9a687cb0-adb4-11... ✓ 61.8s
  [581/1086] 343bc1ad-adb5-11... ✓ 184.0s
  [582/1086] 1842c793-adb8-11... ✓ 89.1s
  [583/1086] 3750127c-add0-11... ✓ 75.9s
  [584/1086] 93a01efe-add0-11... ✓ 75.2s
  [585/1086] 84377639-add1-11... ✓ 162.0s
  [586/1086] 54dffc94-add4-11... ✓ 206.9s
  [587/1086] cb9f591f-aec9-11... ✓ 177.9s
  [588/1086] 1d4f248b-aecc-11... ✓ 145.2s
  [589/1086] 5fa90b82-aecf-11... ✓ 170.2s
  [590/1086] 16ae010a-aed2-11... ✓ 232.6s
  [591/1086] d9838ef9-aed4-11... ✓ 259.0s
  [592/1086] 6453b23d-af25-11... ✓ 226.0s
  [593/1086] 2957331a-af8e-11... ✓ 145.5s
  [594/1086] 4ff7da01-af8f-11... ✓ 104.1s
  [595/1086] 1f259cf1-af91-11... ✓ 125.4s
  [596/1086] 2cf963a6-af92-11... ✓ 50.0s
  [597/1086] a5b87d06-af92-11... ✓ 217.2s
  [598/1086] c95cc42b-aff9-11... ✓ 84.5s
  [599/1086] 52f2c848-affa-11... ✓ 96.5s
  [600/1086] 0bb29dbc-affb-11... ✓ 197.8s
  [601/1086] 82bd970b-b009-11... ✓ 279.8s
  [602/1086] 68580337-b00b-11... ✓ 307.7s
  [603/1086] 66969471-b041-11... ✓ 89.5s
  [604/1086] 583b5c75-b045-11... ✓ 166.6s
  [605/1086] 0ed3c2d5-b04a-11... ✓ 7.5s
  [606/1086] 67d0d3b0-b04a-11... ✓ 2.8s
  [607/1086] 2302e223-b04b-11... ✓ 145.4s
  [608/1086] df0a5760-b04d-11... ✓ 50.8s
  [609/1086] 44476553-b04e-11... ✓ 99.2s
  [610/1086] 02b0f827-b04f-11... ✓ 205.1s
  [611/1086] 5f1b75f4-b050-11... ✓ 84.0s
  [612/1086] 43522378-b0ad-11... ✓ 244.8s
  [613/1086] adf25d60-b0af-11... ✓ 229.7s
  [614/1086] b3bca505-b0b0-11... ✓ 180.8s
  [615/1086] 0f11a029-b24a-11... ✓ 130.4s
  [616/1086] c5bb4b9a-b24b-11... ✓ 351.8s
  [617/1086] f5d66900-b2ca-11... ✓ 271.2s
  [618/1086] b1f0f78c-b3e3-11... ✓ 204.0s
  [619/1086] 68ecec8d-b3e6-11... ✓ 203.4s
  [620/1086] 577fc1d4-b426-11... ✓ 253.1s
  [621/1086] 9ff6b266-b562-11... ✓ 244.1s
  [622/1086] b92bae34-b563-11... ✓ 89.4s
  [623/1086] 6ecd03d6-b5aa-11... ✓ 144.1s
  [624/1086] 6737666c-b5b3-11... ✓ 84.0s
  [625/1086] ee2cf5c1-b5b3-11... ✓ 278.7s
  [626/1086] fcd6b73a-b5b9-11... ✓ 285.9s
  [627/1086] 335aae38-b5bd-11... ✓ 114.2s
  [628/1086] c2579a6d-b5bd-11... ✓ 209.5s
  [629/1086] 13ec6326-b5c0-11... ✓ 255.8s
  [630/1086] 63bd1c47-b5c7-11... ✓ 213.9s
  [631/1086] e3edecbe-b5c8-11... ✓ 149.7s
  [632/1086] 41f59f62-b5ca-11... ✓ 395.9s
  [633/1086] 2a2eb5e1-b5cd-11... ✓ 229.6s
  [634/1086] 73f05516-b64d-11... ✓ 156.7s
  [635/1086] 823203ba-b64f-11... ✓ 171.8s
  [636/1086] 7939e76f-b666-11... ✓ 254.9s
  [637/1086] ea59b0c1-b6a8-11... ✓ 184.3s
  [638/1086] af1afe3f-b6aa-11... ✓ 287.2s
  [639/1086] 9b48929e-b6ab-11... ✓ 225.3s
  [640/1086] 99135072-b6ad-11... ✓ 216.1s
  [641/1086] 581cb704-b77b-11... ✓ 159.3s
  [642/1086] 5b79337d-b77c-11... ✓ 89.1s
  [643/1086] 000b2c99-b77d-11... ✓ 154.1s
  [644/1086] e9fbefea-b77d-11... ✓ 122.2s
  [645/1086] f95e93d2-b77e-11... ✓ 49.2s
  [646/1086] 201a810a-b77f-11... ✓ 154.6s
  [647/1086] 0eb543a0-b780-11... ✓ 201.0s
  [648/1086] 7d2fa014-b781-11... ✓ 4.7s
  [649/1086] 9f3e5bbe-b7cf-11... ✓ 234.3s
  [650/1086] 880b11d1-b7d0-11... ✓ 209.5s
  [651/1086] 6db2cebf-b7d3-11... ✓ 132.7s
  [652/1086] ca9c35c6-b7d3-11... ✓ 87.2s
  [653/1086] 50314ab1-b7d4-11... ✓ 258.6s
  [654/1086] 26a95143-b814-11... ✓ 325.3s
  [655/1086] a9527fdc-b816-11... ✓ 241.9s
  [656/1086] 6f75152c-b819-11... ✓ 125.5s
  [657/1086] 3ceba777-b81a-11... ✓ 12.1s
  [658/1086] 46856393-b81a-11... ✓ 129.2s
  [659/1086] 8baecfe5-b81b-11... ✓ 188.6s
  [660/1086] d1dc4a71-b81d-11... ✓ 170.4s
  [661/1086] 9bc437c0-b81e-11... ✓ 108.7s
  [662/1086] 66e42f18-b81f-11... ✓ 150.0s
  [663/1086] eca53e64-b88b-11... ✓ 109.7s
  [664/1086] 25265007-b88d-11... ✓ 236.6s
  [665/1086] aec7d07e-b88e-11... ✓ 134.9s
  [666/1086] 0a0d2ca8-ba9d-11... ✓ 100.7s
  [667/1086] d26adb74-ba9e-11... ✓ 72.7s
  [668/1086] 6e0496f0-baee-11... ✓ 52.8s
  [669/1086] f252d3f3-baee-11... ✓ 136.1s
  [670/1086] 0d079275-baf0-11... ✓ 209.4s
  [671/1086] 301f87c4-baf1-11... ✓ 98.4s
  [672/1086] 88b186b9-bbd0-11... ✓ 123.3s
  [673/1086] b0314d2d-bbd2-11... ✓ 143.1s
  [674/1086] 3bde2394-bbd3-11... ✓ 122.8s
  [675/1086] e0ec7868-bbd3-11... ✓ 213.3s
  [676/1086] d5601f01-bbd4-11... ✓ 79.6s
  [677/1086] 50a948e9-bcfa-11... ✓ 247.6s
  [678/1086] bad38f73-bcfc-11... ✓ 118.6s
  [679/1086] 817eeeb5-bcfd-11... ✓ 113.1s
  [680/1086] 095c46ea-bcfe-11... ✓ 70.4s
  [681/1086] 864beb71-bcfe-11... ✓ 246.5s
  [682/1086] ad9491c4-be0d-11... ✓ 193.8s
  [683/1086] 0cf112a6-bf10-11... ✓ 231.4s
  [684/1086] 83fe2f59-bf13-11... ✓ 188.4s
  [685/1086] e774664c-c314-11... ✓ 423.4s
  [686/1086] 766ef865-c739-11... ✓ 270.6s
  [687/1086] 6907c240-d92b-11... ✓ 186.2s
  [688/1086] 351af7e3-d930-11... ✓ 369.0s
  [689/1086] 3ca442e1-d933-11... ✓ 223.6s
  [690/1086] 93f1478d-d935-11... ✓ 140.7s
  [691/1086] 8b63555c-d995-11... ✓ 112.1s
  [692/1086] 898e2a7e-d996-11... ✓ 125.2s
  [693/1086] f5ef1cc7-d997-11... ✓ 198.5s
  [694/1086] ac4c7744-dda4-11... ✓ 147.4s
  [695/1086] 1d077eb5-dda7-11... ✓ 292.7s
  [696/1086] effe4dc7-ea4b-11... ✓ 241.2s
  [697/1086] 393d8c81-0136-11... ✓ 76.4s
  [698/1086] c641bdbf-1638-11... ✓ 157.2s
  [699/1086] 37e31bd4-18ae-11... ✓ 261.8s
  [700/1086] 31c056cc-18b1-11... ✓ 69.9s
  [701/1086] 1e2a5104-1bba-11... ✓ 139.6s
  [702/1086] 96416d4d-2f2c-11... ✓ 274.0s
  [703/1086] 14101624-30d1-11... ✓ 150.1s
  [704/1086] bed6a701-30d1-11... ✓ 87.3s
  [705/1086] 420bac86-30d2-11... ✓ 159.5s
  [706/1086] d1e7de87-30d3-11... ✓ 165.0s
  [707/1086] 492b6ab3-30d6-11... ✓ 115.6s
  [708/1086] 1d469df9-3e7b-11... ✓ 255.2s
  [709/1086] 0c970b13-3e7e-11... ✓ 143.6s
  [710/1086] d89167a8-3e7f-11... ✓ 286.4s
  [711/1086] 019604a0-4193-11... ✓ 319.0s
  [712/1086] 105ac524-4195-11... ✓ 127.7s
  [713/1086] 4e7dae51-4197-11... ✓ 3.9s
  [714/1086] 5bad62dd-4197-11... ✓ 150.2s
  [715/1086] 26d79f14-4734-11... ✓ 187.3s
  [716/1086] 5c747c66-4735-11... ✓ 51.8s
  [717/1086] 9249f022-4d8d-11... ✓ 274.5s
  [718/1086] b8863571-5322-11... ✓ 126.2s
  [719/1086] d6cf02ac-5e87-11... ✓ 154.1s
  [720/1086] e85c7ace-73ab-11... ✓ 64.8s
  [721/1086] 22842ced-73ac-11... ✓ 253.4s
  [722/1086] 8174d10a-73b3-11... ✓ 106.1s
  [723/1086] 73bc52f6-73b5-11... ✓ 199.3s
  [724/1086] 48c6cb69-a229-11... ✓ 83.6s
  [725/1086] 9e0f3912-a229-11... ✓ 162.1s
  [726/1086] bc59a697-a301-11... ✓ 103.6s
  [727/1086] 7b045d8f-a5e9-11... ✓ 114.7s
  [728/1086] 6e49c6a2-a626-11... ✓ 148.8s
  [729/1086] 72ff8176-aaea-11... ✓ 157.7s
  [730/1086] 3a7cf58d-20f8-11... ✓ 86.8s
  [731/1086] d895ad12-20f8-11... ✓ 141.5s
  [732/1086] ce00682e-20fa-11... ✓ 150.3s
  [733/1086] 17f9fadb-20fc-11... ✓ 326.9s
  [734/1086] f67aa9bf-20fe-11... ✓ 245.9s
  [735/1086] 46950811-217b-11... ✓ 92.2s
  [736/1086] 1e0d668a-2265-11... ✓ 43.3s
  [737/1086] 29f15984-2415-11... ✓ 141.7s
  [738/1086] c712759d-2416-11... ✓ 157.8s
  [739/1086] 09a04f0c-2418-11... ✓ 325.6s
  [740/1086] 761272ac-2d83-11... ✓ 106.7s
  [741/1086] 47dbe411-2d84-11... ✓ 98.8s
  [742/1086] b32d73c3-3240-11... ✓ 146.8s
  [743/1086] a676ea6e-3244-11... ✓ 36.2s
  [744/1086] 0440e6b5-485b-11... ✓ 139.1s
  [745/1086] 1d8d5bc7-73fc-11... ✓ 403.2s
  [746/1086] 77a31d35-73fe-11... ✓ 259.2s
  [747/1086] 91e94458-740b-11... ✓ 225.0s
  [748/1086] 523bed97-740d-11... ✓ 243.5s
  [749/1086] c2c93a15-ae53-11... ✓ 137.7s
  [750/1086] ea537d29-ae54-11... ✓ 287.7s
  [751/1086] 7d1eeac3-ae57-11... ✓ 279.4s
  [752/1086] a41de2d3-aef0-11... ✓ 131.8s
  [753/1086] 3e3ae69e-aef2-11... ✓ 62.4s
  [754/1086] 9eccbb2a-aef2-11... ✓ 151.4s
  [755/1086] 4125d8fc-b465-11... ✓ 78.8s
  [756/1086] 139b7e62-bfb4-11... ✓ 102.7s
  [757/1086] ea6f1134-bfb4-11... ✓ 162.3s
  [758/1086] dfba903e-bfb7-11... ✓ 208.3s
  [759/1086] afb27603-bfb8-11... ✓ 128.9s
  [760/1086] 60e3383e-bfba-11... ✓ 111.0s
  [761/1086] b6ce5926-bfbb-11... ✓ 87.5s
  [762/1086] bcee8948-bfbc-11... ✓ 170.5s
  [763/1086] d377b3b0-bfbf-11... ✓ 140.2s
  [764/1086] bf56d981-bfc0-11... ✓ 265.1s
  [765/1086] f667e88f-c02d-11... ✓ 60.1s
  [766/1086] d75cb6bb-c02e-11... ✓ 139.7s
  [767/1086] e7efeb76-c02f-11... ✓ 138.2s
  [768/1086] cf6718b1-c079-11... ✓ 150.8s
  [769/1086] 95320e1b-c07b-11... ✓ 371.3s
  [770/1086] 1c6335bf-c07e-11... ✓ 75.1s
  [771/1086] 87a60232-c07e-11... ✓ 118.3s
  [772/1086] 9772b2bd-c07f-11... ✓ 119.2s
  [773/1086] 2f23667a-c080-11... ✓ 108.1s
  [774/1086] b703e42f-c13f-11... ✓ 105.6s
  [775/1086] bb9e5e6a-c140-11... ✓ 203.3s
  [776/1086] 8137a119-c143-11... ✓ 83.9s
  [777/1086] 7e48c87f-c144-11... ✓ 27.0s
  [778/1086] c4b24bc3-c144-11... ✓ 173.2s
  [779/1086] cdf1e0c3-c205-11... ✓ 134.9s
  [780/1086] e647f955-c207-11... ✓ 210.9s
  [781/1086] b504669e-c20a-11... ✓ 103.2s
  [782/1086] 5da1612c-c20b-11... ✓ 216.1s
  [783/1086] 76f32736-c290-11... ✓ 199.8s
  [784/1086] a922d527-c292-11... ✓ 146.3s
  [785/1086] b77231a4-c39d-11... ✓ 153.9s
  [786/1086] 64d60d5a-c39f-11... ✓ 108.1s
  [787/1086] 4cf4813a-c3a0-11... ✓ 138.6s
  [788/1086] 4de79e48-c3a1-11... ✓ 420.9s
  [789/1086] 3342b87e-c3a3-11... ✓ 44.9s
  [790/1086] ae3505d4-c3a3-11... ✓ 8.3s
  [791/1086] b9235559-c3a3-11... ✓ 161.8s
  [792/1086] 475ae250-c3a6-11... ✓ 155.5s
  [793/1086] cca06bdf-c45a-11... ✓ 133.1s
  [794/1086] 8cc91ebe-c45c-11... ✓ 82.6s
  [795/1086] cf9931f5-c45d-11... ✓ 147.8s
  [796/1086] 6621ea92-c45f-11... ✓ 219.8s
  [797/1086] e75f971a-c460-11... ✓ 61.2s
  [798/1086] 54c32c13-c462-11... ✓ 317.2s
  [799/1086] 68b594dc-c467-11... ✓ 97.8s
  [800/1086] 82a04b18-c468-11... ✓ 22.6s
  [801/1086] be609eb9-c468-11... ✓ 191.0s
  [802/1086] 4b98b3d5-c46a-11... ✓ 143.1s
  [803/1086] cf3d2e15-c4b2-11... ✓ 224.9s
  [804/1086] 34499b86-c518-11... ✓ 121.4s
  [805/1086] f30e29d3-c519-11... ✓ 162.7s
  [806/1086] 04c7f277-c51d-11... ✓ 164.9s
  [807/1086] 36503c57-c51f-11... ✓ 240.5s
  [808/1086] e9a194df-c520-11... ✓ 216.8s
  [809/1086] 3a1d6962-c522-11... ✓ 292.9s
  [810/1086] a9dbde30-c523-11... ✓ 81.3s
  [811/1086] dbf21b88-c526-11... ✓ 153.2s
  [812/1086] cd9111ff-c5f5-11... ✓ 292.0s
  [813/1086] 67678471-c5f9-11... ✓ 195.9s
  [814/1086] 8458c50c-c5fa-11... ✓ 233.6s
  [815/1086] 14a2fb6b-c5fc-11... ✓ 166.0s
  [816/1086] 1371804b-c6c0-11... ✓ 173.9s
  [817/1086] 5a2d4ce8-c6c1-11... ✓ 147.4s
  [818/1086] 21fc019e-c6c3-11... ✓ 346.8s
  [819/1086] 4e079440-c74e-11... ✓ 75.6s
  [820/1086] e60a5fa4-c74e-11... ✓ 57.6s
  [821/1086] 721de654-c74f-11... ✓ 85.4s
  [822/1086] 61c0cbdc-c750-11... ✓ 81.0s
  [823/1086] bd584bf1-c752-11... ✓ 68.4s
  [824/1086] 190428fd-c753-11... ✓ 156.8s
  [825/1086] b2d2a881-c782-11... ✓ 83.0s
  [826/1086] c5975c34-c786-11... ✓ 85.5s
  [827/1086] 815381be-c787-11... ✓ 272.2s
  [828/1086] 38b8193c-c789-11... ✓ 178.4s
  [829/1086] 7afdf40d-c80c-11... ✓ 71.0s
  [830/1086] 372d4de0-c80d-11... ✓ 150.1s
  [831/1086] a4a5b71a-c84b-11... ✓ 145.6s
  [832/1086] 39375a79-c84d-11... ✓ 344.0s
  [833/1086] 8e0d938b-c84f-11... ✓ 141.0s
  [834/1086] 17648140-c852-11... ✓ 118.7s
  [835/1086] 20e45713-c853-11... ✓ 178.4s
  [836/1086] 0c3d18ea-c855-11... ✓ 34.5s
  [837/1086] 528b2493-c855-11... ✓ 182.7s
  [838/1086] 3ae63c0d-c914-11... ✓ 204.6s
  [839/1086] c1f49881-c916-11... ✓ 140.2s
  [840/1086] e288695d-c919-11... ✓ 56.7s
  [841/1086] aaad9846-c91a-11... ✓ 53.4s
  [842/1086] 68929234-c91b-11... ✓ 130.3s
  [843/1086] 0cfee51f-c91d-11... ✓ 413.6s
  [844/1086] 2ae2635b-c920-11... ✓ 160.4s
  [845/1086] 001601f2-c921-11... ✓ 181.0s
  [846/1086] 712137a6-c921-11... ✓ 90.5s
  [847/1086] b2152d40-c921-11... ✓ 258.6s
  [848/1086] 48db3dd7-c923-11... ✓ 125.1s
  [849/1086] c4d2f89e-c924-11... ✓ 243.1s
  [850/1086] 18c7ab1d-c996-11... ✓ 94.8s
  [851/1086] a15746a9-c997-11... ✓ 164.2s
  [852/1086] e03007c0-c998-11... ✓ 148.3s
  [853/1086] 63b7a3f6-c99a-11... ✓ 248.1s
  [854/1086] fa4650b8-c99b-11... ✓ 154.2s
  [855/1086] e86ca81d-c99c-11... ✓ 208.2s
  [856/1086] 892ae6f3-c99e-11... ✓ 142.5s
  [857/1086] 208b62d7-c9a0-11... ✓ 184.2s
  [858/1086] c4394852-c9a1-11... ✓ 141.5s
  [859/1086] d6d174e4-c9a2-11... ✓ 161.4s
  [860/1086] f413c5cc-c9a4-11... ✓ 230.2s
  [861/1086] 8705fe9c-c9b3-11... ✓ 139.3s
  [862/1086] 9773d0e8-c9b4-11... ✓ 223.9s
  [863/1086] e7c01545-c9b6-11... ✓ 192.7s
  [864/1086] bb415405-c9b8-11... ✓ 128.1s
  [865/1086] c916e2b1-c9c3-11... ✓ 239.1s
  [866/1086] d84ffdf1-ca66-11... ✓ 110.5s
  [867/1086] 498f955f-ca68-11... ✓ 308.0s
  [868/1086] 753d1c86-ca69-11... ✓ 70.4s
  [869/1086] 2b515ad2-ca6a-11... ✓ 121.0s
  [870/1086] b6b60a59-ca97-11... ✓ 253.5s
  [871/1086] 068ef372-ca9a-11... ✓ 123.2s
  [872/1086] 12e827c7-ca9b-11... ✓ 147.2s
  [873/1086] b4ece8c0-cacf-11... ✓ 100.5s
  [874/1086] fe99937b-cad0-11... ✓ 223.7s
  [875/1086] fbadd987-cb0a-11... ✓ 115.8s
  [876/1086] 97cd371b-cb1e-11... ✓ 326.4s
  [877/1086] 23c9f044-cb21-11... ✓ 60.8s
  [878/1086] a21a5d40-cb21-11... ✓ 101.8s
  [879/1086] 617f721d-cb23-11... ✓ 20.8s
  [880/1086] 7d81b3fc-cb23-11... ✓ 219.6s
  [881/1086] 006f5735-d0ec-11... ✓ 124.5s
  [882/1086] c61331fe-d0ec-11... ✓ 260.3s
  [883/1086] d2882ba0-d0ed-11... ✓ 268.9s
  [884/1086] ec55e371-d25c-11... ✓ 265.0s
  [885/1086] 077f8dc0-d25f-11... ✓ 167.5s
  [886/1086] b78b5831-d260-11... ✓ 107.2s
  [887/1086] f5e548b4-d268-11... ✓ 272.1s
  [888/1086] 8815525d-d296-11... ✓ 187.5s
  [889/1086] 9701ab94-d344-11... ✓ 245.2s
  [890/1086] c18771dd-d4a7-11... ✓ 200.2s
  [891/1086] dbe2ac58-d4c7-11... ✓ 229.1s
  [892/1086] 497264fa-d4ca-11... ✓ 292.8s
  [893/1086] 5c810e91-d4cd-11... ✓ 255.1s
  [894/1086] b6bbc892-d4d0-11... ✓ 220.5s
  [895/1086] 305fe456-d4d4-11... ✓ 237.0s
  [896/1086] b1d5262c-d4d6-11... ✓ 122.4s
  [897/1086] aedefb4b-d4d7-11... ✓ 243.4s
  [898/1086] 0f54eeed-d4d9-11... ✓ 87.0s
  [899/1086] bda8015d-d4d9-11... ✓ 130.1s
  [900/1086] 7b2c9700-d4db-11... ✓ 112.5s
  [901/1086] abc16b06-d4db-11... ✓ 146.5s
  [902/1086] 6e995429-d4dc-11... ✓ 142.1s
  [903/1086] 14745306-d4de-11... ✓ 201.8s
  [904/1086] b5656dbc-d4e0-11... ✓ 171.4s
  [905/1086] 7f5c0baa-d4e2-11... ✓ 263.2s
  [906/1086] 4631ebe9-d4e5-11... ✓ 142.2s
  [907/1086] d346f276-d4e7-11... ✓ 64.5s
  [908/1086] 43efc70c-d4e9-11... ✓ 120.6s
  [909/1086] d37fb877-d4eb-11... ✓ 310.5s
  [910/1086] 96b424e3-d4ed-11... ✓ 194.1s
  [911/1086] 4adf8a12-d4ef-11... ✓ 287.3s
  [912/1086] aa4bdf8e-d4f1-11... ✓ 31.6s
  [913/1086] e7827fa5-d4f1-11... ✓ 106.1s
  [914/1086] d8d12289-d4f3-11... ✓ 306.6s
  [915/1086] 0a1b5287-d4f6-11... ✓ 183.6s
  [916/1086] 587e3794-d66d-11... ✓ 110.3s
  [917/1086] bcf3ba0e-d66e-11... ✓ 200.1s
  [918/1086] 7c1adb28-d670-11... ✓ 342.8s
  [919/1086] fbf50af5-d672-11... ✓ 176.0s
  [920/1086] 6ac74a89-d674-11... ✓ 276.6s
  [921/1086] 2b9bb125-d677-11... ✓ 158.1s
  [922/1086] 3d8accd0-d678-11... ✓ 139.3s
  [923/1086] 2e0ad559-d67a-11... ✓ 230.6s
  [924/1086] 3f277344-d67d-11... ✓ 125.1s
  [925/1086] c3d052fe-e135-11... ✓ 176.6s
  [926/1086] 0b7ac547-e137-11... ✓ 188.2s
  [927/1086] 31afdbc6-f33c-11... ✓ 294.6s
  [928/1086] abf165b3-f4c6-11... ✓ 178.7s
  [929/1086] ad571ac8-f4c7-11... ✓ 141.3s
  [930/1086] addfdd30-f4c8-11... ✓ 218.9s
  [931/1086] 3ebebcca-f4cb-11... ✓ 232.4s
  [932/1086] cc2ab27f-f4cc-11... ✓ 118.3s
  [933/1086] 385f3d54-f4ce-11... ✓ 128.4s
  [934/1086] 2bb26343-f6a2-11... ✓ 187.2s
  [935/1086] adae8893-f6a4-11... ✓ 127.1s
  [936/1086] e893c8af-f6a5-11... ✓ 187.3s
  [937/1086] 7250ca63-f6a8-11... ✓ 144.1s
  [938/1086] 205af852-f6aa-11... ✓ 115.1s
  [939/1086] e01bb750-f6aa-11... ✓ 152.8s
  [940/1086] f21b23d5-f73b-11... ✓ 285.6s
  [941/1086] b1b3fd15-f73e-11... ✓ 121.9s
  [942/1086] db4449d6-f73f-11... ✓ 183.2s
  [943/1086] 3537de35-f742-11... ✓ 112.7s
  [944/1086] bc9673df-f743-11... ✓ 374.4s
  [945/1086] 65e03da0-f746-11... ✓ 106.7s
  [946/1086] d2f50bff-f746-11... ✓ 179.8s
  [947/1086] 8bb33e9e-f748-11... ✓ 174.7s
  [948/1086] b651900e-f765-11... ✓ 166.7s
  [949/1086] 6e81da9e-f767-11... ✓ 88.4s
  [950/1086] 5600495e-f769-11... ✓ 102.8s
  [951/1086] 24fda291-f76a-11... ✓ 318.5s
  [952/1086] ee71caa0-f76b-11... ✓ 94.2s
  [953/1086] 89a20830-f76c-11... ✓ 264.0s
  [954/1086] d975e7e1-f76e-11... ✓ 183.3s
  [955/1086] ae6cfcc5-f770-11... ✓ 175.7s
  [956/1086] 32b1598a-f772-11... ✓ 59.7s
  [957/1086] 7e898c92-f772-11... ✓ 296.4s
  [958/1086] 5a9eafda-f774-11... ✓ 106.6s
  [959/1086] cfeda95a-f774-11... ✓ 34.6s
  [960/1086] 0a1f1f85-f775-11... ✓ 118.2s
  [961/1086] c404bbd3-f776-11... ✓ 169.6s
  [962/1086] 9ea51d7a-f82a-11... ✓ 97.4s
  [963/1086] 9a2397e2-f82b-11... ✓ 116.2s
  [964/1086] dbe4d3ac-f82c-11... ✓ 136.6s
  [965/1086] ea3b84e7-f82d-11... ✓ 155.2s
  [966/1086] 98f7c4f4-f82f-11... ✓ 260.3s
  [967/1086] e6900240-f830-11... ✓ 141.6s
  [968/1086] 6116e414-f831-11... ✓ 192.8s
  [969/1086] 9df95ad1-006b-11... ✓ 201.0s
  [970/1086] b73ce5a8-0edc-11... ✓ 129.7s
  [971/1086] 0738848f-181c-11... ✓ 218.4s
  [972/1086] 7d013012-181e-11... ✓ 81.7s
  [973/1086] abe7b822-181e-11... ✓ 68.4s
  [974/1086] 30e9b53a-181f-11... ✓ 25.8s
  [975/1086] 93ca832b-181f-11... ✓ 290.9s
  [976/1086] 4dbeec2a-1821-11... ✓ 101.1s
  [977/1086] 89c92522-1822-11... ✓ 360.0s
  [978/1086] c6288bd6-1824-11... ✓ 99.2s
  [979/1086] aefce2e5-1825-11... ✓ 136.2s
  [980/1086] f8dbf32b-1827-11... ✓ 151.9s
  [981/1086] 8d0dbf9c-1830-11... ✓ 140.1s
  [982/1086] 130e130c-1834-11... ✓ 150.6s
  [983/1086] 7b261c02-18ef-11... ✓ 315.2s
  [984/1086] 8537ca19-18f3-11... ✓ 134.8s
  [985/1086] 6683c38e-18f5-11... ✓ 181.4s
  [986/1086] 0a14eed5-18f6-11... ✓ 153.2s
  [987/1086] 71fb664b-1c7f-11... ✓ 262.9s
  [988/1086] 005fbe0a-1c84-11... ✓ 148.8s
  [989/1086] 204b2a30-1df3-11... ✓ 154.9s
  [990/1086] 1a8017b1-1df5-11... ✓ 131.3s
  [991/1086] 6ee5f87e-1df6-11... ✓ 371.5s
  [992/1086] 1fdd7784-1df7-11... ✓ 343.3s
  [993/1086] d9aad0d7-1df8-11... ✓ 559.8s
  [994/1086] af7a7666-1dfb-11... ✓ 66.4s
  [995/1086] ede15905-1dfb-11... ✓ 46.5s
  [996/1086] 8f316e14-1dfc-11... ✓ 280.0s
  [997/1086] 420383f0-1dfe-11... ✓ 121.4s
  [998/1086] e0fe85e8-1dfe-11... ✓ 110.0s
  [999/1086] a7aec727-1dff-11... ✓ 151.2s
  [1000/1086] 163d169e-1e00-11... ✓ 592.1s
  [1001/1086] 6ae16a13-1e02-11... ✓ 95.4s
  [1002/1086] caec282e-34d4-11... ✓ 309.0s
  [1003/1086] 2508c7d9-34d7-11... ✓ 188.7s
  [1004/1086] 876e1298-34d9-11... ✓ 149.4s
  [1005/1086] b42b3f62-34db-11... ✓ 321.6s
  [1006/1086] 2c1903c8-34e0-11... ✓ 118.4s
  [1007/1086] 2412755b-34e1-11... ✓ 247.7s
  [1008/1086] 3ef070a6-34e3-11... ✓ 222.8s
  [1009/1086] 689260ea-4794-11... ✓ 261.9s
  [1010/1086] 90667e5d-4795-11... ✓ 201.6s
  [1011/1086] 4fd7219e-4796-11... ✓ 183.7s
  [1012/1086] 22d73e41-4797-11... ✓ 141.8s
  [1013/1086] 9e73aede-4797-11... ✓ 131.0s
  [1014/1086] b0e05e50-4798-11... ✓ 162.7s
  [1015/1086] 07dc7a18-479a-11... ✓ 139.5s
  [1016/1086] 5aa268a3-6d57-11... ✓ 104.8s
  [1017/1086] 58f193d5-b65f-11... ✓ 187.1s
  [1018/1086] 5eef476f-b660-11... ✓ 155.2s
  [1019/1086] b5eb1542-b661-11... ✓ 91.8s
  [1020/1086] 4233e667-bc5e-11... ✓ 200.8s
  [1021/1086] 70426852-bc5f-11... ✓ 229.7s
  [1022/1086] 96696557-c3ae-11... ✓ 144.2s
  [1023/1086] bb7a75a0-c3b0-11... ✓ 231.5s
  [1024/1086] 1a996e60-c45d-11... ✓ 20.2s
  [1025/1086] 32e7cf71-c45d-11... ✓ 224.3s
  [1026/1086] e511eed3-0242-11... ✓ 116.8s
  [1027/1086] e98b33b6-4b7b-11... ✓ 280.2s
  [1028/1086] 65cfb9e3-4b7e-11... ✓ 48.2s
  [1029/1086] a22fbe91-adbc-11... ✓ 164.3s
  [1030/1086] 4a2c6460-adbe-11... ✓ 166.1s
  [1031/1086] 38228df3-adc0-11... ✓ 68.6s
  [1032/1086] 917475aa-adc0-11... ✓ 128.6s
  [1033/1086] 483c7ebe-adc2-11... ✓ 127.4s
  [1034/1086] 0a4e3c53-adc4-11... ✓ 145.5s
  [1035/1086] 652282e2-c317-11... ✓ 149.2s
  [1036/1086] 50207110-c318-11... ✓ 177.0s
  [1037/1086] bce8c510-c31b-11... ✓ 303.3s
  [1038/1086] 8ac8dd05-c31e-11... ✓ 110.7s
  [1039/1086] 45a06f93-c31f-11... ✓ 121.1s
  [1040/1086] 6a480618-c320-11... ✓ 244.5s
  [1041/1086] d5dc0aca-c321-11... ✓ 254.8s
  [1042/1086] c803c56f-c322-11... ✓ 214.8s
  [1043/1086] 027a1703-c324-11... ✓ 77.1s
  [1044/1086] 4830c54e-c324-11... ✓ 121.8s
  [1045/1086] 105dbee3-c3ed-11... ✓ 59.7s
  [1046/1086] 951d5ba5-c3ed-11... ✓ 173.9s
  [1047/1086] 7d890624-c3ee-11... ✓ 122.8s
  [1048/1086] 7a6482b7-c3f0-11... ✓ 304.3s
  [1049/1086] bdc45d00-c3f2-11... ✓ 123.0s
  [1050/1086] d5153015-c3f3-11... ✓ 157.8s
  [1051/1086] 24356c0e-c3f5-11... ✓ 127.4s
  [1052/1086] 39b63938-c3f6-11... ✓ 82.9s
  [1053/1086] 2369520e-c483-11... ✓ 94.4s
  [1054/1086] 34dcfbbf-c484-11... ✓ 160.8s
  [1055/1086] aefc737c-c485-11... ✓ 253.1s
  [1056/1086] 2c16985b-c488-11... ✓ 32.4s
  [1057/1086] bda48f03-c488-11... ✓ 378.2s
  [1058/1086] 49eed792-c4a6-11... ✓ 91.4s
  [1059/1086] 2032d488-c4a7-11... ✓ 131.5s
  [1060/1086] eef1a9a1-c4a8-11... ✓ 129.1s
  [1061/1086] 8514f48a-c4ab-11... ✓ 88.6s
  [1062/1086] 156f7466-c4ac-11... ✓ 225.9s
  [1063/1086] 1f046da4-c4af-11... ✓ 153.7s
  [1064/1086] 0f469f97-c4b0-11... ✓ 104.6s
  [1065/1086] d7a4c34d-c4b1-11... ✓ 264.7s
  [1066/1086] 3e0caa13-c4b4-11... ✓ 207.9s
  [1067/1086] fd3d6c0e-c611-11... ✓ 151.8s
  [1068/1086] 8f402ec3-c61b-11... ✓ 242.3s
  [1069/1086] b5647444-c62e-11... ✓ 236.1s
  [1070/1086] 79b57ee1-c631-11... ✓ 116.3s
  [1071/1086] 3b6c68a6-c632-11... ✓ 190.1s
  [1072/1086] ce068d0d-c634-11... ✓ 196.0s
  [1073/1086] 9a7248fe-c636-11... ✓ 177.8s
  [1074/1086] c969af41-c638-11... ✓ 53.6s
  [1075/1086] e2b9864c-c639-11... ✓ 146.1s
  [1076/1086] 82c078a2-c63a-11... ✓ 175.3s
  [1077/1086] 313fa8b2-c63f-11... ✓ 269.7s
  [1078/1086] a3dd6f4e-c640-11... ✓ 122.2s
  [1079/1086] c10c2df6-c641-11... ✓ 195.6s
  [1080/1086] 24949c3d-c644-11... ✓ 82.6s
  [1081/1086] 9b92a4fe-c644-11... ✓ 271.8s
  [1082/1086] 1ef81d89-c647-11... ✓ 265.8s
  [1083/1086] 14ed2e4b-d29a-11... ✓ 276.5s
  [1084/1086] aaf9478c-d29c-11... ✓ 255.3s
  [1085/1086] 90667eb7-d29d-11... ✓ 175.5s
  [1086/1086] 527d96dc-d2ae-11... ✓ 183.2s

Done. 1086 succeeded, 0 failed.
